{
  "data" : {
    "count" : 1,
    "cursor" : {
      "limit" : 20,
      "offset" : 0
    },
    "results" : [
      {
        "comics" : {
          "available" : 12,
          "collectionURI" : "http:\/\/gateway.marvel.com\/v1\/public\/characters\/1011334\/comics",
          "items" : [
            {
              "name" : "Avengers: The Initiative (2007) #14",
              "resourceURI" : "http:\/\/gateway.marvel.com\/v1\/public\/comics\/21366"
            },
            {
              "name" : "Avengers: The Initiative (2007) #14 (SPOTLIGHT VARIANT)",
              "resourceURI" : "http:\/\/gateway.marvel.com\/v1\/public\/comics\/24571"
            },
            {
              "name" : "Avengers: The Initiative (2007) #15",
              "resourceURI" : "http:\/\/gateway.marvel.com\/v1\/public\/comics\/21546"
            },
            {
              "name" : "Avengers: The Initiative (2007) #16",
              "resourceURI" : "http:\/\/gateway.marvel.com\/v1\/public\/comics\/21741"
            },
            {
              "name" : "Avengers: The Initiative (2007) #17",
              "resourceURI" : "http:\/\/gateway.marvel.com\/v1\/public\/comics\/21975"
            },
            {
              "name" : "Avengers: The Initiative (2007) #18",
              "resourceURI" : "http:\/\/gateway.marvel.com\/v1\/public\/comics\/22299"
            },
            {
              "name" : "Avengers: The Initiative (2007) #18 (ZOMBIE VARIANT)",
              "resourceURI" : "http:\/\/gateway.marvel.com\/v1\/public\/comics\/22300"
            },
            {
              "name" : "Avengers: The Initiative (2007) #19",
              "resourceURI" : "http:\/\/gateway.marvel.com\/v1\/public\/comics\/22506"
            },
            {
              "name" : "Deadpool (1997) #44",
              "resourceURI" : "http:\/\/gateway.marvel.com\/v1\/public\/comics\/8500"
            },
            {
              "name" : "Marvel Premiere (1972) #35",
              "resourceURI" : "http:\/\/gateway.marvel.com\/v1\/public\/comics\/10223"
            },
            {
              "name" : "Marvel Premiere (1972) #36",
              "resourceURI" : "http:\/\/gateway.marvel.com\/v1\/public\/comics\/10224"
            },
            {
              "name" : "Marvel Premiere (1972) #37",
              "resourceURI" : "http:\/\/gateway.marvel.com\/v1\/public\/comics\/10225"
            }
          ],
          "returned" : 12
        },
        "description" : "",
        "events" : {
          "available" : 1,
          "collectionURI" : "http:\/\/gateway.marvel.com\/v1\/public\/characters\/1011334\/events",
          "items" : [
            {
              "name" : "Secret Invasion",
              "resourceURI" : "http:\/\/gateway.marvel.com\/v1\/public\/events\/269"
            }
          ],
          "returned" : 1
        },
        "id" : 1011334,
        "modified" : "2014-04-29T18:18:17Z",
        "name" : "3-D Man",
        "resourceURI" : "http:\/\/gateway.marvel.com\/v1\/public\/characters\/1011334",
        "series" : {
          "available" : 3,
          "collectionURI" : "http:\/\/gateway.marvel.com\/v1\/public\/characters\/1011334\/series",
          "items" : [
            {
              "name" : "Avengers: The Initiative (2007 - 2010)",
              "resourceURI" : "http:\/\/gateway.marvel.com\/v1\/public\/series\/1945"
            },
            {
              "name" : "Deadpool (1997 - 2002)",
              "resourceURI" : "http:\/\/gateway.marvel.com\/v1\/public\/series\/2005"
            },
            {
              "name" : "Marvel Premiere (1972 - 1981)",
              "resourceURI" : "http:\/\/gateway.marvel.com\/v1\/public\/series\/2045"
            }
          ],
          "returned" : 3
        },
        "stories" : {
          "available" : 21,
          "collectionURI" : "http:\/\/gateway.marvel.com\/v1\/public\/characters\/1011334\/stories",
          "items" : [
            {
              "name" : "Cover #19947",
              "resourceURI" : "http:\/\/gateway.marvel.com\/v1\/public\/stories\/19947"
            },
            {
              "name" : "The 3-D Man!",
              "resourceURI" : "http:\/\/gateway.marvel.com\/v1\/public\/stories\/19948"
            },
            {
              "name" : "Cover #19949",
              "resourceURI" : "http:\/\/gateway.marvel.com\/v1\/public\/stories\/19949"
            },
            {
              "name" : "The Devil's Music!",
              "resourceURI" : "http:\/\/gateway.marvel.com\/v1\/public\/stories\/19950"
            },
            {
              "name" : "Cover #19951",
              "resourceURI" : "http:\/\/gateway.marvel.com\/v1\/public\/stories\/19951"
            },
            {
              "name" : "Code-Name:  The Cold Warrior!",
              "resourceURI" : "http:\/\/gateway.marvel.com\/v1\/public\/stories\/19952"
            },
            {
              "name" : "AVENGERS: THE INITIATIVE (2007) #14",
              "resourceURI" : "http:\/\/gateway.marvel.com\/v1\/public\/stories\/47184"
            },
            {
              "name" : "Avengers: The Initiative (2007) #14 - Int",
              "resourceURI" : "http:\/\/gateway.marvel.com\/v1\/public\/stories\/47185"
            },
            {
              "name" : "AVENGERS: THE INITIATIVE (2007) #15",
              "resourceURI" : "http:\/\/gateway.marvel.com\/v1\/public\/stories\/47498"
            },
            {
              "name" : "Avengers: The Initiative (2007) #15 - Int",
              "resourceURI" : "http:\/\/gateway.marvel.com\/v1\/public\/stories\/47499"
            },
            {
              "name" : "AVENGERS: THE INITIATIVE (2007) #16",
              "resourceURI" : "http:\/\/gateway.marvel.com\/v1\/public\/stories\/47792"
            },
            {
              "name" : "Avengers: The Initiative (2007) #16 - Int",
              "resourceURI" : "http:\/\/gateway.marvel.com\/v1\/public\/stories\/47793"
            },
            {
              "name" : "AVENGERS: THE INITIATIVE (2007) #17",
              "resourceURI" : "http:\/\/gateway.marvel.com\/v1\/public\/stories\/48361"
            },
            {
              "name" : "Avengers: The Initiative (2007) #17 - Int",
              "resourceURI" : "http:\/\/gateway.marvel.com\/v1\/public\/stories\/48362"
            },
            {
              "name" : "AVENGERS: THE INITIATIVE (2007) #18",
              "resourceURI" : "http:\/\/gateway.marvel.com\/v1\/public\/stories\/49103"
            },
            {
              "name" : "Avengers: The Initiative (2007) #18 - Int",
              "resourceURI" : "http:\/\/gateway.marvel.com\/v1\/public\/stories\/49104"
            },
            {
              "name" : "Avengers: The Initiative (2007) #18, Zombie Variant - Int",
              "resourceURI" : "http:\/\/gateway.marvel.com\/v1\/public\/stories\/49106"
            },
            {
              "name" : "AVENGERS: THE INITIATIVE (2007) #19",
              "resourceURI" : "http:\/\/gateway.marvel.com\/v1\/public\/stories\/49888"
            },
            {
              "name" : "Avengers: The Initiative (2007) #19 - Int",
              "resourceURI" : "http:\/\/gateway.marvel.com\/v1\/public\/stories\/49889"
            },
            {
              "name" : "Avengers: The Initiative (2007) #14, Spotlight Variant - Int",
              "resourceURI" : "http:\/\/gateway.marvel.com\/v1\/public\/stories\/54371"
            }
          ],
          "returned" : 20
        },
        "thumbnail" : {
          "extension" : "jpg",
          "path" : "http:\/\/i.annihil.us\/u\/prod\/marvel\/i\/mg\/c\/e0\/535fecbbb9784"
        },
        "urls" : [
          {
            "type" : "detail",
            "url" : "http:\/\/marvel.com\/comics\/characters\/1011334\/3-d_man?utm_campaign=apiRef&utm_source=746e3520c1b5a62cb96c269427d784a3"
          },
          {
            "type" : "wiki",
            "url" : "http:\/\/marvel.com\/universe\/3-D_Man_(Chandler)?utm_campaign=apiRef&utm_source=746e3520c1b5a62cb96c269427d784a3"
          },
          {
            "type" : "comiclink",
            "url" : "http:\/\/marvel.com\/comics\/characters\/1011334\/3-d_man?utm_campaign=apiRef&utm_source=746e3520c1b5a62cb96c269427d784a3"
          }
        ]
      }
    ],
    "total" : 1
  },
  "metadata" : {
    "code" : 200,
    "etag" : "f0f50f72d6ce5fc336cf70a7c2be616ce78215c8",
    "status" : "Ok"
  }
}