{
  "data" : {
    "count" : 20,
    "cursor" : {
      "limit" : 20,
      "offset" : 0
    },
    "results" : [

    ],
    "total" : 1562
  },
  "metadata" : {
    "code" : 200,
    "etag" : "5616d2bbdfec4495120e3b473ac87ace37841048",
    "status" : "Ok"
  }
}